// Jest Snapshot v1, https://goo.gl/fbAQLP

exports[`should render notFoundPage correctly 1`] = `
<div>
  404!! 
  <Link
    to="/"
  >
    Go to home
  </Link>
</div>
`;
